###############################################################################
#
# IAR ELF Linker V7.20.5.7591/W32 for ARM                 26/Dec/2018  16:19:48
# Copyright 2007-2014 IAR Systems AB.
#
#    Output file  =  
#        D:\2019.IAR\project\(FatFS
#        SDHC)LPLD_FatFs\iar\RAM\Exe\LPLD_FatFs_K60.out
#    Map file     =  
#        D:\2019.IAR\project\(FatFS
#        SDHC)LPLD_FatFs\iar\RAM\List\LPLD_FatFs_K60.map
#    Command line =  
#        "D:\2019.IAR\project\(FatFS SDHC)LPLD_FatFs\iar\RAM\Obj\alloc.o"
#        "D:\2019.IAR\project\(FatFS SDHC)LPLD_FatFs\iar\RAM\Obj\assert.o"
#        "D:\2019.IAR\project\(FatFS SDHC)LPLD_FatFs\iar\RAM\Obj\cc936.o"
#        "D:\2019.IAR\project\(FatFS SDHC)LPLD_FatFs\iar\RAM\Obj\DEV_LCD.o"
#        "D:\2019.IAR\project\(FatFS SDHC)LPLD_FatFs\iar\RAM\Obj\diskio.o"
#        "D:\2019.IAR\project\(FatFS SDHC)LPLD_FatFs\iar\RAM\Obj\ff.o"
#        "D:\2019.IAR\project\(FatFS SDHC)LPLD_FatFs\iar\RAM\Obj\HW_ADC.o"
#        "D:\2019.IAR\project\(FatFS SDHC)LPLD_FatFs\iar\RAM\Obj\HW_CAN.o"
#        "D:\2019.IAR\project\(FatFS SDHC)LPLD_FatFs\iar\RAM\Obj\HW_DAC.o"
#        "D:\2019.IAR\project\(FatFS SDHC)LPLD_FatFs\iar\RAM\Obj\HW_DMA.o"
#        "D:\2019.IAR\project\(FatFS SDHC)LPLD_FatFs\iar\RAM\Obj\HW_ENET.o"
#        "D:\2019.IAR\project\(FatFS SDHC)LPLD_FatFs\iar\RAM\Obj\HW_FLASH.o"
#        "D:\2019.IAR\project\(FatFS SDHC)LPLD_FatFs\iar\RAM\Obj\HW_FLEXBUS.o"
#        "D:\2019.IAR\project\(FatFS SDHC)LPLD_FatFs\iar\RAM\Obj\HW_FTM.o"
#        "D:\2019.IAR\project\(FatFS SDHC)LPLD_FatFs\iar\RAM\Obj\HW_GPIO.o"
#        "D:\2019.IAR\project\(FatFS SDHC)LPLD_FatFs\iar\RAM\Obj\HW_I2C.o"
#        "D:\2019.IAR\project\(FatFS SDHC)LPLD_FatFs\iar\RAM\Obj\HW_LPTMR.o"
#        "D:\2019.IAR\project\(FatFS SDHC)LPLD_FatFs\iar\RAM\Obj\HW_MCG.o"
#        "D:\2019.IAR\project\(FatFS SDHC)LPLD_FatFs\iar\RAM\Obj\HW_PDB.o"
#        "D:\2019.IAR\project\(FatFS SDHC)LPLD_FatFs\iar\RAM\Obj\HW_PIT.o"
#        "D:\2019.IAR\project\(FatFS SDHC)LPLD_FatFs\iar\RAM\Obj\HW_RTC.o"
#        "D:\2019.IAR\project\(FatFS SDHC)LPLD_FatFs\iar\RAM\Obj\HW_SDHC.o"
#        "D:\2019.IAR\project\(FatFS SDHC)LPLD_FatFs\iar\RAM\Obj\HW_SPI.o"
#        "D:\2019.IAR\project\(FatFS SDHC)LPLD_FatFs\iar\RAM\Obj\HW_TSI.o"
#        "D:\2019.IAR\project\(FatFS SDHC)LPLD_FatFs\iar\RAM\Obj\HW_UART.o"
#        "D:\2019.IAR\project\(FatFS SDHC)LPLD_FatFs\iar\RAM\Obj\HW_WDOG.o"
#        "D:\2019.IAR\project\(FatFS SDHC)LPLD_FatFs\iar\RAM\Obj\io.o"
#        "D:\2019.IAR\project\(FatFS SDHC)LPLD_FatFs\iar\RAM\Obj\LPLD_FatFs.o"
#        "D:\2019.IAR\project\(FatFS SDHC)LPLD_FatFs\iar\RAM\Obj\printf.o"
#        "D:\2019.IAR\project\(FatFS SDHC)LPLD_FatFs\iar\RAM\Obj\queue.o"
#        "D:\2019.IAR\project\(FatFS SDHC)LPLD_FatFs\iar\RAM\Obj\relocate.o"
#        "D:\2019.IAR\project\(FatFS SDHC)LPLD_FatFs\iar\RAM\Obj\startup_K60.o"
#        "D:\2019.IAR\project\(FatFS SDHC)LPLD_FatFs\iar\RAM\Obj\stdlib.o"
#        "D:\2019.IAR\project\(FatFS SDHC)LPLD_FatFs\iar\RAM\Obj\syscall.o"
#        "D:\2019.IAR\project\(FatFS
#        SDHC)LPLD_FatFs\iar\RAM\Obj\system_MK60DZ10.o"
#        "D:\2019.IAR\project\(FatFS SDHC)LPLD_FatFs\iar\RAM\Obj\uif.o"
#        --redirect _Printf=_PrintfFull --redirect _Scanf=_ScanfFull -o
#        "D:\2019.IAR\project\(FatFS
#        SDHC)LPLD_FatFs\iar\RAM\Exe\LPLD_FatFs_K60.out" --map
#        "D:\2019.IAR\project\(FatFS
#        SDHC)LPLD_FatFs\iar\RAM\List\LPLD_FatFs_K60.map" --config
#        "D:\2019.IAR\project\(FatFS
#        SDHC)LPLD_FatFs\iar\..\..\..\lib\iar_config_files\128KB_Ram.icf"
#        --semihosting --entry __iar_program_start "D:\Embedded Workbench
#        7.0\arm\CMSIS\Lib\IAR\iar_cortexM4l_math.a" --vfe
#
###############################################################################

*******************************************************************************
*** MESSAGES
***

Error[Li006]: duplicate definitions for "get_fattime"; in
          "D:\2019.IAR\project\(FatFS SDHC)LPLD_FatFs\iar\RAM\Obj\diskio.o",
          and
          "D:\2019.IAR\project\(FatFS SDHC)LPLD_FatFs\iar\RAM\Obj\LPLD_FatFs.o"
Error[Lp011]: section placement failed
          unable to allocate space for sections/blocks with a total estimated
                    minimum size of 0x3085c bytes (max align 0x8) in
                    <[0x1fff0000-0x20010000]> (total uncommitted space
                    0x1fbed).
          Uncommitted:
            [0x1fff0000-0x1fff040f]:    0x10
            [0x1fff0410-0x20010000]: 0x1fbdd


*******************************************************************************
*** RUNTIME MODEL ATTRIBUTES
***

CppFlavor       = *
__SystemLibrary = DLib


*******************************************************************************
*** PLACEMENT SUMMARY
***

"A1":  place at 0x1fff0000 { ro section .intvec };
"A2":  place at 0x1fff0410 { ro section .noinit };
"P1":  place in [from 0x1fff0000 to 0x20010000] { ro, block CodeRelocate };
"P2":  place in [from 0x1fff0000 to 0x20010000] {
          rw, block CodeRelocateRam, block CSTACK, block HEAP };

  Section              Kind        Address     Size  Object
  -------              ----        -------     ----  ------
"A1":                                         0x400
  .intvec              ro code  0x1fff0000    0x400  startup_K60.o [1]
                              - 0x1fff0400    0x400

"A2":                                          0x14
  .noinit              ro code  0x1fff0410     0x10  startup_K60.o [1]
  .noinit              ro code  0x1fff0420      0x4  startup_K60.o [1]
                              - 0x1fff0424     0x14

"P1" (*** FAILED ***):                      0x2f8bc
  .rodata              const                0x15484  cc936.o [1]
  .rodata              const                0x15484  cc936.o [1]
  .text                ro code               0x1cf0  ff.o [1]
  .text                ro code                 0xc0  diskio.o [1]
  .text                ro code                 0xa4  cc936.o [1]
  .text                ro code                 0x10  syscall.o [1]
  .text                ro code                0xf78  HW_SDHC.o [1]
  .text                ro code                 0xe4  alloc.o [1]
  .text                ro code                0x508  HW_UART.o [1]
  .text                ro code                0x4e4  printf.o [1]
  .text                ro code                 0x1c  stdlib.o [1]
  .text                ro code                0x218  HW_SPI.o [1]
  .rodata              const                  0x1e0  cc936.o [1]
  .rodata              const                  0x1e0  cc936.o [1]
  .text                ro code                0x1ba  HW_CAN.o [1]
  .text                ro code                 0x22  zero_init3.o [5]
  .text                ro code                0x19c  system_MK60DZ10.o [1]
  .text                ro code                 0xa0  relocate.o [1]
  .text                ro code                0x198  HW_MCG.o [1]
  .text                ro code                 0x56  ABImemcpy_unaligned.o [5]
  .text                ro code                0x168  HW_DMA.o [1]
  .text                ro code                0x128  LPLD_FatFs.o [1]
  .text                ro code                 0xf4  HW_DAC.o [1]
  .text                ro code                 0xcc  HW_I2C.o [1]
  .text                ro code                 0x80  HW_ENET.o [1]
  .text                ro code                 0x80  HW_PDB.o [1]
  .text                ro code                 0x74  HW_GPIO.o [1]
  .text                ro code                 0x70  HW_TSI.o [1]
  .text                ro code                 0x6c  HW_PIT.o [1]
  .text                ro code                 0x60  HW_RTC.o [1]
  CodeRelocate                                 0x4c  <Block>
    Initializer bytes  ro data                 0x4c  <for CodeRelocateRam-1> (used: 0x0)
  .rodata              const                   0x48  system_MK60DZ10.o [1]
  .rodata              const                   0x44  system_MK60DZ10.o [1]
  .rodata              const                   0x44  system_MK60DZ10.o [1]
  .rodata              const                   0x30  system_MK60DZ10.o [1]
  .rodata              const                   0x30  system_MK60DZ10.o [1]
  .text                ro code                 0x28  data_init.o [5]
  .rodata              const                   0x24  system_MK60DZ10.o [1]
  .rodata              const                   0x24  system_MK60DZ10.o [1]
  .text                ro code                 0x24  HW_FTM.o [1]
  .iar.init_table      const                   0x10  - Linker created -
  .rodata              const                   0x20  LPLD_FatFs.o [1]
  .rodata              const                   0x20  LPLD_FatFs.o [1]
  .rodata              const                   0x20  LPLD_FatFs.o [1]
  .rodata              const                   0x20  system_MK60DZ10.o [1]
  .text                ro code                 0x20  HW_LPTMR.o [1]
  .text                ro code                 0x1c  HW_ADC.o [1]
  .text                ro code                 0x1a  cmain.o [5]
  .text                ro code                  0x4  low_level_init.o [3]
  .text                ro code                  0x4  exit.o [3]
  .text                ro code                  0xa  cexit.o [5]
  .text                ro code                 0x14  exit.o [6]
  .rodata              const                   0x14  LPLD_FatFs.o [1]
  .rodata              const                   0x14  LPLD_FatFs.o [1]
  .rodata              const                   0x14  LPLD_FatFs.o [1]
  .rodata              const                   0x14  LPLD_FatFs.o [1]
  .rodata              const                   0x14  LPLD_FatFs.o [1]
  .text                ro code                 0x14  io.o [1]
  .data_init                                   0x14  <Block>
    Initializer bytes  ro data                 0x14  <for .data-1> (used: 0x0)
  .rodata              const                   0x10  ff.o [1]
  .rodata              const                   0x10  LPLD_FatFs.o [1]
  .rodata              const                    0xc  ff.o [1]
  .rodata              const                    0xc  LPLD_FatFs.o [1]
  .rodata              const                    0xc  LPLD_FatFs.o [1]
  .text                ro code                  0xc  cstartup_M.o [5]
  .rodata              const                    0x8  ff.o [1]
  .rodata              const                    0x8  system_MK60DZ10.o [1]
  .rodata              const                    0x0  zero_init3.o [5]
                                            0x2f8bc

"P2", part 1 of 3 (*** FAILED ***):            0x60
  CodeRelocateRam                              0x4c  <Block>
    CodeRelocateRam-1                          0x4c  <Init block>
      .textrw          inited                  0x4c  HW_MCG.o [1]
  .data                                        0x14  <Block>
    .data-1                                    0x14  <Init block>
      .data            inited                   0x4  HW_MCG.o [1]
      .data            inited                   0x4  HW_MCG.o [1]
      .data            inited                   0x4  HW_MCG.o [1]
      .data            inited                   0x4  HW_MCG.o [1]
      .data            inited                   0x4  system_MK60DZ10.o [1]
                                               0x60

"P2", part 2 of 3 (*** FAILED ***):           0x33f
  .bss                                        0x33f  <Block>
    .bss               zero                    0x10  alloc.o [1]
    .bss               zero                     0x4  alloc.o [1]
    .bss               zero                     0x4  ff.o [1]
    .bss               zero                    0x60  ff.o [1]
    .bss               zero                     0x8  HW_ADC.o [1]
    .bss               zero                   0x100  HW_CAN.o [1]
    .bss               zero                    0x40  HW_CAN.o [1]
    .bss               zero                    0x40  HW_CAN.o [1]
    .bss               zero                     0x8  HW_DAC.o [1]
    .bss               zero                     0x8  HW_DAC.o [1]
    .bss               zero                     0x8  HW_DAC.o [1]
    .bss               zero                    0x40  HW_DMA.o [1]
    .bss               zero                    0x10  HW_ENET.o [1]
    .bss               zero                     0xc  HW_FTM.o [1]
    .bss               zero                    0x14  HW_GPIO.o [1]
    .bss               zero                     0x8  HW_I2C.o [1]
    .bss               zero                     0x4  HW_LPTMR.o [1]
    .bss               zero                     0x4  HW_PDB.o [1]
    .bss               zero                     0x4  HW_PDB.o [1]
    .bss               zero                    0x10  HW_PIT.o [1]
    .bss               zero                     0xc  HW_RTC.o [1]
    .bss               zero                     0x4  HW_SDHC.o [1]
    .bss               zero                    0x18  HW_SPI.o [1]
    .bss               zero                    0x18  HW_SPI.o [1]
    .bss               zero                    0x18  HW_SPI.o [1]
    .bss               zero                     0x8  HW_TSI.o [1]
    .bss               zero                    0x18  HW_UART.o [1]
    .bss               zero                    0x18  HW_UART.o [1]
    .bss               zero                     0x2  ff.o [1]
    .bss               zero                     0x1  ff.o [1]
                                              0x33f

"P2", part 3 of 3 (*** FAILED ***):           0xc00
  CSTACK                                      0x400  <Block>
    CSTACK             uninit                 0x400  <Block tail>
  HEAP                                        0x800  <Block>
    HEAP               uninit                 0x800  <Block tail>
                                              0xc00


*******************************************************************************
*** INIT TABLE
***

          Address     Size
          -------     ----
Zero (__iar_zero_init3)
    1 destination range, total size 0x33f:
          0x00000000  0x33f



*******************************************************************************
*** MODULE SUMMARY
***

    Module                 ro code  rw code  ro data  rw data
    ------                 -------  -------  -------  -------
D:\2019.IAR\project\(FatFS SDHC)LPLD_FatFs\iar\RAM\Obj: [1]
    HW_ADC.o                    28                          8
    HW_CAN.o                   442                        384
    HW_DAC.o                   244                         24
    HW_DMA.o                   360                         64
    HW_ENET.o                  128                         16
    HW_FTM.o                    36                         12
    HW_GPIO.o                  116                         20
    HW_I2C.o                   204                          8
    HW_LPTMR.o                  32                          4
    HW_MCG.o                   408       76       92       16
    HW_PDB.o                   128                          8
    HW_PIT.o                   108                         16
    HW_RTC.o                    96                         12
    HW_SDHC.o                3 960                          4
    HW_SPI.o                   536                         72
    HW_TSI.o                   112                          8
    HW_UART.o                1 288                         48
    LPLD_FatFs.o               296               236
    alloc.o                    228                         20
    cc936.o                    164           175 304
    diskio.o                   192
    ff.o                     7 408                36      103
    io.o                        20
    printf.o                 1 252
    relocate.o                 160
    startup_K60.o            1 044
    stdlib.o                    28
    syscall.o                   16
    system_MK60DZ10.o          412               420        4
    ---------------------------------------------------------
    Total:                  19 446       76  176 088      851

command line: [2]
    ---------------------------------------------------------
    Total:

dl7M_tln.a: [3]
    exit.o                       4
    low_level_init.o             4
    ---------------------------------------------------------
    Total:                       8

m7M_tl.a: [4]
    ---------------------------------------------------------
    Total:

rt7M_tl.a: [5]
    ABImemcpy_unaligned.o       86
    cexit.o                     10
    cmain.o                     26
    cstartup_M.o                12
    data_init.o                 40
    zero_init3.o                34
    ---------------------------------------------------------
    Total:                     208

shb_l.a: [6]
    exit.o                      20
    ---------------------------------------------------------
    Total:                      20

    Gaps                         6
    Linker created                                16    3 072
-------------------------------------------------------------
    Grand Total:            19 688       76  176 104    3 923


*******************************************************************************
*** ENTRY LIST
***

Entry                      Address     Size  Type      Object
-----                      -------     ----  ----      ------
.bss$$Base              0x00000000            --   Gb  - Linker created -
.bss$$Limit             0x0000033f            --   Gb  - Linker created -
.data$$Base             0x0000004c            --   Gb  - Linker created -
.data$$Limit            0x00000060            --   Gb  - Linker created -
.data_init$$Base        0x0002f848            --   Gb  - Linker created -
.data_init$$Limit       0x0002f85c            --   Gb  - Linker created -
?main                   0x0002f78d           Code  Gb  cmain.o [5]
ADC0_IRQHandler         0x0002f771      0xa  Code  Gb  HW_ADC.o [1]
ADC1_IRQHandler         0x0002f77b      0xa  Code  Gb  HW_ADC.o [1]
ADC_ISR                 0x00000078      0x8  Data  Gb  HW_ADC.o [1]
CAN0_BUS_OFF_IRQHandler
                        0x0002e929      0x2  Code  Gb  HW_CAN.o [1]
CAN0_ERR_IRQHandler     0x0002e92b      0x2  Code  Gb  HW_CAN.o [1]
CAN0_IMEU_IRQHandler    0x0002e933      0x2  Code  Gb  HW_CAN.o [1]
CAN0_ISR                0x00000180     0x40  Data  Gb  HW_CAN.o [1]
CAN0_LR_IRQHandler      0x0002e935      0x2  Code  Gb  HW_CAN.o [1]
CAN0_MESS_IRQHandler    0x0002e91f      0xa  Code  Gb  HW_CAN.o [1]
CAN0_RW_IRQHandler      0x0002e92f      0x2  Code  Gb  HW_CAN.o [1]
CAN0_TW_IRQHandler      0x0002e92d      0x2  Code  Gb  HW_CAN.o [1]
CAN0_WAKE_UP_IRQHandler
                        0x0002e931      0x2  Code  Gb  HW_CAN.o [1]
CAN1_BUS_OFF_IRQHandler
                        0x0002e955      0x2  Code  Gb  HW_CAN.o [1]
CAN1_ERR_IRQHandler     0x0002e957      0x2  Code  Gb  HW_CAN.o [1]
CAN1_IMEU_IRQHandler    0x0002e95f      0x2  Code  Gb  HW_CAN.o [1]
CAN1_ISR                0x000001c0     0x40  Data  Gb  HW_CAN.o [1]
CAN1_LR_IRQHandler      0x0002e961      0x2  Code  Gb  HW_CAN.o [1]
CAN1_MESS_IRQHandler    0x0002e937      0xa  Code  Gb  HW_CAN.o [1]
CAN1_RW_IRQHandler      0x0002e95b      0x2  Code  Gb  HW_CAN.o [1]
CAN1_TW_IRQHandler      0x0002e959      0x2  Code  Gb  HW_CAN.o [1]
CAN1_WAKE_UP_IRQHandler
                        0x0002e95d      0x2  Code  Gb  HW_CAN.o [1]
CSTACK$$Base            0x00000000            --   Gb  - Linker created -
CSTACK$$Limit           0x00000400            --   Gb  - Linker created -
CodeRelocate$$Base      0x0002f4b0            --   Gb  - Linker created -
CodeRelocate$$Limit     0x0002f4fc            --   Gb  - Linker created -
CodeRelocateRam$$Base   0x00000000            --   Gb  - Linker created -
CodeRelocateRam$$Limit  0x0000004c            --   Gb  - Linker created -
CurrVol                 0x0000033e      0x1  Data  Lc  ff.o [1]
DAC0_IRQHandler         0x0002f041     0x6a  Code  Gb  HW_DAC.o [1]
DAC1_IRQHandler         0x0002f0ab     0x6a  Code  Gb  HW_DAC.o [1]
DAC_RDPTBOT_ISR         0x00000200      0x8  Data  Gb  HW_DAC.o [1]
DAC_RDPTTOP_ISR         0x00000208      0x8  Data  Gb  HW_DAC.o [1]
DAC_WATERMK_ISR         0x00000210      0x8  Data  Gb  HW_DAC.o [1]
DMA0_IRQHandler         0x0002edb1     0x16  Code  Gb  HW_DMA.o [1]
DMA10_IRQHandler        0x0002ee8d     0x16  Code  Gb  HW_DMA.o [1]
DMA11_IRQHandler        0x0002eea3     0x16  Code  Gb  HW_DMA.o [1]
DMA12_IRQHandler        0x0002eeb9     0x16  Code  Gb  HW_DMA.o [1]
DMA13_IRQHandler        0x0002eecf     0x16  Code  Gb  HW_DMA.o [1]
DMA14_IRQHandler        0x0002eee5     0x16  Code  Gb  HW_DMA.o [1]
DMA15_IRQHandler        0x0002eefb     0x16  Code  Gb  HW_DMA.o [1]
DMA1_IRQHandler         0x0002edc7     0x16  Code  Gb  HW_DMA.o [1]
DMA2_IRQHandler         0x0002eddd     0x16  Code  Gb  HW_DMA.o [1]
DMA3_IRQHandler         0x0002edf3     0x16  Code  Gb  HW_DMA.o [1]
DMA4_IRQHandler         0x0002ee09     0x16  Code  Gb  HW_DMA.o [1]
DMA5_IRQHandler         0x0002ee1f     0x16  Code  Gb  HW_DMA.o [1]
DMA6_IRQHandler         0x0002ee35     0x16  Code  Gb  HW_DMA.o [1]
DMA7_IRQHandler         0x0002ee4b     0x16  Code  Gb  HW_DMA.o [1]
DMA8_IRQHandler         0x0002ee61     0x16  Code  Gb  HW_DMA.o [1]
DMA9_IRQHandler         0x0002ee77     0x16  Code  Gb  HW_DMA.o [1]
DMA_ISR                 0x00000218     0x40  Data  Gb  HW_DMA.o [1]
DefaultISR              0x0002eaa9     0x14  Code  Gb  system_MK60DZ10.o [1]
ENET_ISR                0x00000258     0x10  Data  Gb  HW_ENET.o [1]
Eth_Err_Misc_IRQHandler
                        0x0002f263     0x16  Code  Gb  HW_ENET.o [1]
Eth_IEEE1588_IRQHandler
                        0x0002f24d     0x16  Code  Gb  HW_ENET.o [1]
Eth_RX_IRQHandler       0x0002f201     0x26  Code  Gb  HW_ENET.o [1]
Eth_TX_IRQHandler       0x0002f227     0x26  Code  Gb  HW_ENET.o [1]
FTM0_IRQHandler         0x0002f69d      0xa  Code  Gb  HW_FTM.o [1]
FTM1_IRQHandler         0x0002f6a7      0xa  Code  Gb  HW_FTM.o [1]
FTM2_IRQHandler         0x0002f6b1      0xa  Code  Gb  HW_FTM.o [1]
FTM_ISR                 0x00000268      0xc  Data  Gb  HW_FTM.o [1]
FatFs                   0x00000014      0x4  Data  Lc  ff.o [1]
Files                   0x00000018     0x60  Data  Lc  ff.o [1]
Fsid                    0x0000033c      0x2  Data  Lc  ff.o [1]
GPIO_ISR                0x00000274     0x14  Data  Gb  HW_GPIO.o [1]
HEAP$$Base              0x00000400            --   Gb  - Linker created -
HEAP$$Limit             0x00000c00            --   Gb  - Linker created -
HardFault_Handler       0x0002ea9f      0xa  Code  Gb  system_MK60DZ10.o [1]
I2C0_IRQHandler         0x0002f135     0x5a  Code  Gb  HW_I2C.o [1]
I2C1_IRQHandler         0x0002f18f     0x5a  Code  Gb  HW_I2C.o [1]
I2C_ISR                 0x00000288      0x8  Data  Gb  HW_I2C.o [1]
LPLD_CAN_CAN0_Interrupt_Handler
                        0x0002e8a3     0x3e  Code  Lc  HW_CAN.o [1]
LPLD_CAN_CAN1_Interrupt_Handler
                        0x0002e8e1     0x3e  Code  Lc  HW_CAN.o [1]
LPLD_CAN_Interrupt_ClearPending
                        0x0002e7a9     0x24  Code  Lc  HW_CAN.o [1]
LPLD_CAN_Interrupt_GetFlag
                        0x0002e7cd     0x1e  Code  Lc  HW_CAN.o [1]
LPLD_CAN_Receive_Interrupt
                        0x0002e847     0x5c  Code  Lc  HW_CAN.o [1]
LPLD_CAN_Transmit_Interrupt
                        0x0002e7eb     0x5c  Code  Lc  HW_CAN.o [1]
LPLD_PLL_Setup          0x0002ebc1    0x198  Code  Gb  HW_MCG.o [1]
LPLD_SDHC_IOC           0x0002ca91    0x5c0  Code  Gb  HW_SDHC.o [1]
LPLD_SDHC_Init          0x0002c889     0xcc  Code  Lc  HW_SDHC.o [1]
LPLD_SDHC_InitCard      0x0002d295    0x1f4  Code  Gb  HW_SDHC.o [1]
LPLD_SDHC_InitGPIO      0x0002c76d     0x58  Code  Lc  HW_SDHC.o [1]
LPLD_SDHC_IsRunning     0x0002c861     0x18  Code  Lc  HW_SDHC.o [1]
LPLD_SDHC_Read          0x0002d051    0x11e  Code  Lc  HW_SDHC.o [1]
LPLD_SDHC_ReadBlocks    0x0002d4a1     0x74  Code  Gb  HW_SDHC.o [1]
LPLD_SDHC_SendCommand   0x0002c955    0x13c  Code  Lc  HW_SDHC.o [1]
LPLD_SDHC_SetBaudrate   0x0002c7c5     0x9c  Code  Lc  HW_SDHC.o [1]
LPLD_SDHC_WaitStatus    0x0002c879     0x10  Code  Lc  HW_SDHC.o [1]
LPLD_SDHC_Write         0x0002d16f    0x106  Code  Lc  HW_SDHC.o [1]
LPLD_SDHC_WriteBlocks   0x0002d539    0x13a  Code  Gb  HW_SDHC.o [1]
LPLD_Set_SYS_DIV        0x00000001     0x4c  Code  Gb  HW_MCG.o [1]
LPLD_UART_Init          0x0002d7c9    0x314  Code  Gb  HW_UART.o [1]
LPLD_UART_PutChar       0x0002dadd      0xa  Code  Gb  HW_UART.o [1]
LPTMR_ISR               0x00000290      0x4  Data  Gb  HW_LPTMR.o [1]
LPT_IRQHandler          0x0002f751     0x16  Code  Gb  HW_LPTMR.o [1]
LfnOfs                  0x0002f85c     0x10  Data  Lc  ff.o [1]
PDB_IRQHandler          0x0002f281     0x6a  Code  Gb  HW_PDB.o [1]
PDB_ISR                 0x00000294      0x4  Data  Gb  HW_PDB.o [1]
PDB_SE_ISR              0x00000298      0x4  Data  Gb  HW_PDB.o [1]
PIT0_IRQHandler         0x0002f3e5     0x16  Code  Gb  HW_PIT.o [1]
PIT1_IRQHandler         0x0002f3fb     0x16  Code  Gb  HW_PIT.o [1]
PIT2_IRQHandler         0x0002f411     0x16  Code  Gb  HW_PIT.o [1]
PIT3_IRQHandler         0x0002f427     0x16  Code  Gb  HW_PIT.o [1]
PIT_ISR                 0x0000029c     0x10  Data  Gb  HW_PIT.o [1]
PORTA_IRQHandler        0x0002f301     0x12  Code  Gb  HW_GPIO.o [1]
PORTB_IRQHandler        0x0002f313     0x12  Code  Gb  HW_GPIO.o [1]
PORTC_IRQHandler        0x0002f325     0x12  Code  Gb  HW_GPIO.o [1]
PORTD_IRQHandler        0x0002f337     0x12  Code  Gb  HW_GPIO.o [1]
PORTE_IRQHandler        0x0002f349     0x12  Code  Gb  HW_GPIO.o [1]
RTC_IRQHandler          0x0002f451     0x56  Code  Gb  HW_RTC.o [1]
RTC_ISR                 0x000002ac      0xc  Data  Gb  HW_RTC.o [1]
Region$$Table$$Base     0x0002f6c0            --   Gb  - Linker created -
Region$$Table$$Limit    0x0002f6d0            --   Gb  - Linker created -
SPI0_IRQHandler         0x0002e1d1     0xaa  Code  Gb  HW_SPI.o [1]
SPI0_ISR                0x000002bc     0x18  Data  Gb  HW_SPI.o [1]
SPI1_IRQHandler         0x0002e27b     0xaa  Code  Gb  HW_SPI.o [1]
SPI1_ISR                0x000002d4     0x18  Data  Gb  HW_SPI.o [1]
SPI2_IRQHandler         0x0002e325     0xaa  Code  Gb  HW_SPI.o [1]
SPI2_ISR                0x000002ec     0x18  Data  Gb  HW_SPI.o [1]
SystemCoreClock         0x0000005c      0x4  Data  Gb  system_MK60DZ10.o [1]
SystemCoreClockUpdate   0x0002ea79     0x26  Code  Gb  system_MK60DZ10.o [1]
SystemInit              0x0002e985     0xf4  Code  Gb  system_MK60DZ10.o [1]
TSI_IRQHandler          0x0002f375     0x5c  Code  Gb  HW_TSI.o [1]
TSI_ISR                 0x00000304      0x8  Data  Gb  HW_TSI.o [1]
UART0_IRQHandler        0x0002dae7     0x30  Code  Gb  HW_UART.o [1]
UART1_IRQHandler        0x0002db17     0x30  Code  Gb  HW_UART.o [1]
UART2_IRQHandler        0x0002db47     0x30  Code  Gb  HW_UART.o [1]
UART3_IRQHandler        0x0002db77     0x30  Code  Gb  HW_UART.o [1]
UART4_IRQHandler        0x0002dba7     0x30  Code  Gb  HW_UART.o [1]
UART5_IRQHandler        0x0002dbd7     0x30  Code  Gb  HW_UART.o [1]
UART_R_ISR              0x0000030c     0x18  Data  Gb  HW_UART.o [1]
UART_T_ISR              0x00000324     0x18  Data  Gb  HW_UART.o [1]
__BOOT_STACK_ADDRESS {Abs}
                        0x2000fff8            --   Gb  command line/config [2]
__VECTOR_RAM {Abs}      0x1fff0000            --   Gb  command line/config [2]
__VECTOR_TABLE {Abs}    0x1fff0000            --   Gb  command line/config [2]
__Vectors               0x1fff0000            --   Gb  startup_K60.o [1]
__Vectors_End           0x1fff0400           Data  Gb  startup_K60.o [1]
__Vectors_Size {Abs}    0x00000400            --   Gb  startup_K60.o [1]
__as_entries_start      0xffffffff            --   Gb  command line/config [2]
__as_table_start        0xffffffff            --   Gb  command line/config [2]
__cmain                 0x0002f78d           Code  Gb  cmain.o [5]
__exit                  0x0002f7bd     0x14  Code  Gb  exit.o [6]
__iar_data_init3        0x0002f62d     0x28  Code  Gb  data_init.o [5]
__iar_program_start     0x0002f8a1           Code  Gb  cstartup_M.o [5]
__iar_unaligned___aeabi_memcpy4
                        0x0002ed59           Code  Gb  ABImemcpy_unaligned.o [5]
__iar_unaligned___aeabi_memcpy8
                        0x0002ed59           Code  Gb  ABImemcpy_unaligned.o [5]
__iar_zero_init3        0x0002e963     0x22  Code  Gb  zero_init3.o [5]
__low_level_init        0x0002f7a7      0x4  Code  Gb  low_level_init.o [3]
__vector_table          0x1fff0000           Data  Gb  startup_K60.o [1]
__vector_table_0x1c     0x1fff001c           Data  Gb  startup_K60.o [1]
_call_main              0x0002f799           Code  Gb  cmain.o [5]
_exit                   0x0002f7b1           Code  Gb  cexit.o [5]
_main                   0x0002f7a3           Code  Gb  cmain.o [5]
base                    0x00000000     0x10  Data  Lc  alloc.o [1]
check_fs                0x0002ba65     0x78  Code  Lc  ff.o [1]
chk_chr                 0x0002a94d     0x14  Code  Lc  ff.o [1]
chk_lock                0x0002a961     0x8e  Code  Lc  ff.o [1]
chk_mounted             0x0002bae5    0x37c  Code  Lc  ff.o [1]
clear_lock              0x0002ab45     0x2e  Code  Lc  ff.o [1]
clmt_clust              0x0002b01b     0x2a  Code  Lc  ff.o [1]
clust2sect              0x0002acd3     0x18  Code  Gb  ff.o [1]
cmp_lfn                 0x0002b2a9     0x96  Code  Lc  ff.o [1]
common_relocate         0x0002eb21     0xa0  Code  Gb  relocate.o [1]
create_chain            0x0002af67     0xb4  Code  Lc  ff.o [1]
create_name             0x0002b6c9    0x306  Code  Lc  ff.o [1]
dec_lock                0x0002aaf7     0x4e  Code  Lc  ff.o [1]
die                     0x0002ef19      0xe  Code  Gb  LPLD_FatFs.o [1]
dir_alloc               0x0002b21f     0x50  Code  Lc  ff.o [1]
dir_find                0x0002b473     0xe8  Code  Lc  ff.o [1]
dir_next                0x0002b0f3    0x12c  Code  Lc  ff.o [1]
dir_register            0x0002b55b    0x16e  Code  Lc  ff.o [1]
dir_sdi                 0x0002b045     0xae  Code  Lc  ff.o [1]
disk_initialize         0x0002c5f9     0x14  Code  Gb  diskio.o [1]
disk_ioctl              0x0002c65b     0x54  Code  Gb  diskio.o [1]
disk_read               0x0002c617     0x22  Code  Gb  diskio.o [1]
disk_status             0x0002c60d      0xa  Code  Gb  diskio.o [1]
disk_write              0x0002c639     0x22  Code  Gb  diskio.o [1]
enq_lock                0x0002a9ef     0x26  Code  Lc  ff.o [1]
exit                    0x0002f7ab      0x4  Code  Gb  exit.o [3]
f_close                 0x0002c5b9     0x24  Code  Gb  ff.o [1]
f_mount                 0x0002be97     0x3e  Code  Gb  ff.o [1]
f_open                  0x0002bed9    0x206  Code  Gb  ff.o [1]
f_read                  0x0002c0df    0x1fc  Code  Gb  ff.o [1]
f_sync                  0x0002c50f     0xaa  Code  Gb  ff.o [1]
f_write                 0x0002c2db    0x234  Code  Gb  ff.o [1]
ff_convert              0x0002c6b9     0x60  Code  Gb  cc936.o [1]
ff_memalloc             0x0002c75d      0x8  Code  Gb  syscall.o [1]
ff_memfree              0x0002c765      0x8  Code  Gb  syscall.o [1]
ff_wtoupper             0x0002c719     0x32  Code  Gb  cc936.o [1]
fit_lfn                 0x0002b33f     0x74  Code  Lc  ff.o [1]
flexcan_msgobj_param_t  0x00000080    0x100  Data  Gb  HW_CAN.o [1]
follow_path             0x0002b9cf     0x96  Code  Lc  ff.o [1]
free                    0x0002d6e5     0x66  Code  Gb  alloc.o [1]
freep                   0x00000010      0x4  Data  Lc  alloc.o [1]
g_bus_clock             0x00000050      0x4  Data  Gb  HW_MCG.o [1]
g_core_clock            0x0000004c      0x4  Data  Gb  HW_MCG.o [1]
g_flash_clock           0x00000054      0x4  Data  Gb  HW_MCG.o [1]
g_flexbus_clock         0x00000058      0x4  Data  Gb  HW_MCG.o [1]
gen_numname             0x0002b3b9     0x9c  Code  Gb  ff.o [1]
get_fat                 0x0002aceb     0xf2  Code  Gb  ff.o [1]
get_fattime             0x0002c6b5      0x4  Code  Gb  diskio.o [1]
inc_lock                0x0002aa15     0xe2  Code  Lc  ff.o [1]
ld_clust                0x0002b26f     0x22  Code  Lc  ff.o [1]
main                    0x0002ef27     0xea  Code  Gb  LPLD_FatFs.o [1]
malloc                  0x0002d74b     0x6e  Code  Gb  alloc.o [1]
mem_cmp                 0x0002a92d     0x20  Code  Lc  ff.o [1]
mem_cpy                 0x0002a909     0x14  Code  Lc  ff.o [1]
mem_set                 0x0002a91d     0x10  Code  Lc  ff.o [1]
move_window             0x0002abc9     0x36  Code  Lc  ff.o [1]
oem2uni                 0x00015484  0x15484  Data  Lc  cc936.o [1]
out_char                0x0002f835      0xe  Code  Gb  io.o [1]
printf                  0x0002e191     0x1e  Code  Gb  printf.o [1]
printk                  0x0002dda9    0x3e8  Code  Gb  printf.o [1]
printk_mknumstr         0x0002dcfd     0x70  Code  Lc  printf.o [1]
printk_pad_space        0x0002dd8b     0x1e  Code  Lc  printf.o [1]
printk_pad_zero         0x0002dd6d     0x1e  Code  Lc  printf.o [1]
printk_putc             0x0002dcd1     0x2c  Code  Lc  printf.o [1]
put_fat                 0x0002addd    0x120  Code  Gb  ff.o [1]
remove_chain            0x0002aefd     0x6a  Code  Lc  ff.o [1]
sdcard_ptr              0x000002b8      0x4  Data  Gb  HW_SDHC.o [1]
st_clust                0x0002b291     0x18  Code  Lc  ff.o [1]
strlen                  0x0002e1b5     0x1c  Code  Gb  stdlib.o [1]
sum_sfn                 0x0002b455     0x1e  Code  Lc  ff.o [1]
sync_fs                 0x0002abff     0xd4  Code  Lc  ff.o [1]
sync_window             0x0002ab73     0x56  Code  Lc  ff.o [1]
uni2oem                 0x00000000  0x15484  Data  Lc  cc936.o [1]
validate                0x0002be61     0x36  Code  Lc  ff.o [1]


[1] = D:\2019.IAR\project\(FatFS SDHC)LPLD_FatFs\iar\RAM\Obj
[2] = command line
[3] = dl7M_tln.a
[4] = m7M_tl.a
[5] = rt7M_tl.a
[6] = shb_l.a

   19 688 bytes of readonly  code memory
       76 bytes of readwrite code memory
  176 104 bytes of readonly  data memory
    3 923 bytes of readwrite data memory

Errors: 2
Warnings: none
